[206月2026 14:56:28.528] [main/INFO] [net.neoforged.fml.startup.Entrypoint/]: JVM Uptime at startup: 96ms
[206月2026 14:56:28.538] [main/INFO] [net.neoforged.fml.loading.FMLLoader/]: Starting FancyModLoader version 11.0.13 (CLIENT in DEV)
[206月2026 14:56:28.538] [main/INFO] [net.neoforged.fml.loading.FMLLoader/]: Game directory: J:\minecraft orgenal mod with GPT\polluted_world\neoforge\run
[206月2026 14:56:28.576] [main/INFO] [net.neoforged.fml.loading.EarlyServiceDiscovery/]: Found 2 early service jars (out of 108) in 17ms
[206月2026 14:56:28.577] [main/INFO] [net.neoforged.fml.loading.FMLLoader/]: Loading FML Early Services:
[206月2026 14:56:28.577] [main/INFO] [net.neoforged.fml.loading.FMLLoader/]:  - C:/Users/Owner/.gradle/caches/modules-2/files-2.1/net.neoforged.fancymodloader/loader/11.0.13/c9c89eaf35535990110088224d188748d81eaecf/loader-11.0.13.jar
[206月2026 14:56:28.578] [main/INFO] [net.neoforged.fml.loading.FMLLoader/]:  - C:/Users/Owner/.gradle/caches/modules-2/files-2.1/net.neoforged.fancymodloader/earlydisplay/11.0.13/491a1bedecb33802fa118cae384b60f91f6f0241/earlydisplay-11.0.13.jar
[206月2026 14:56:28.581] [main/INFO] [net.neoforged.fml.loading.ImmediateWindowHandler/]: Loading ImmediateWindowProvider fmlearlywindow
[206月2026 14:56:28.968] [ForkJoinPool.commonPool-worker-1/INFO] [net.neoforged.fml.loading.moddiscovery.locators.GameLocator/]: Detected a joined NeoForge and Minecraft configuration. Applying filtering...
[206月2026 14:56:29.002] [fml-loadingscreen/INFO] [net.neoforged.fml.earlydisplay.render.LoadingScreenRenderer/]: GL info: NVIDIA GeForce GTX 1650/PCIe/SSE2 GL version 3.3.0 NVIDIA 596.49, NVIDIA Corporation
[206月2026 14:56:29.011] [ForkJoinPool.commonPool-worker-1/INFO] [net.neoforged.fml.loading.moddiscovery.locators.InDevFolderLocator/CORE]: Got mod coordinates polluted_world%%J:\minecraft orgenal mod with GPT\polluted_world\neoforge\build\classes\java\main;polluted_world%%J:\minecraft orgenal mod with GPT\polluted_world\neoforge\build\resources\main from env
[206月2026 14:56:29.085] [ForkJoinPool.commonPool-worker-1/INFO] [net.neoforged.fml.loading.moddiscovery.locators.JarInJarDependencyLocator/]: Found 2 dependencies adding them to mods collection
[206月2026 14:56:29.086] [ForkJoinPool.commonPool-worker-1/INFO] [net.neoforged.fml.loading.moddiscovery.ModDiscoverer/]: 
     Mod List:
		Name Version (Mod Id)

		Minecraft 26.1.2 (minecraft)
		NeoForge 26.1.2.43-beta (neoforge)
		polluted_world 0.0.1 (polluted_world)
		TerraBlender 26.1.2.0.2 (terrablender)
[206月2026 14:56:29.189] [main/INFO] [mixin/]: SpongePowered MIXIN Subsystem Version=0.8.7 Source=file:/C:/Users/Owner/.gradle/caches/modules-2/files-2.1/net.fabricmc/sponge-mixin/0.17.3+mixin.0.8.7/41c4a3984a80f4679e759fb9f495587acc5cdac7/sponge-mixin-0.17.3+mixin.0.8.7.jar Service=FML Env=CLIENT
[206月2026 14:56:29.200] [main/INFO] [net.neoforged.fml.loading.FMLLoader/]: Loading FML Plugins:
[206月2026 14:56:29.200] [main/INFO] [net.neoforged.fml.loading.FMLLoader/]:  - C:/Users/Owner/.gradle/caches/modules-2/files-2.1/net.neoforged/neoforge/26.1.2.43-beta/6b8b2150f4db76b1ac1890aba0033359fd84abba/neoforge-26.1.2.43-beta-universal.jar > net.neoforged.neoforge-coremods-26.1.2.43-beta.jar
[206月2026 14:56:29.242] [main/INFO] [net.neoforged.fml.loading.FMLLoader/]: Building game content classloader:
 - minecraft (composite(filtered(jar(J:/minecraft orgenal mod with GPT/polluted_world/neoforge/build/moddev/artifacts/minecraft-patched-26.1.2.43-beta.jar)), filtered(jar(J:/minecraft orgenal mod with GPT/polluted_world/neoforge/build/moddev/artifacts/minecraft-patched-26.1.2.43-beta.jar))))
 - mixinextras.neoforge (jar(C:/Users/Owner/.gradle/caches/modules-2/files-2.1/net.neoforged/neoforge/26.1.2.43-beta/6b8b2150f4db76b1ac1890aba0033359fd84abba/neoforge-26.1.2.43-beta-universal.jar > mixinextras-neoforge-0.5.4.jar))
 - neoforge (composite(filtered(jar(C:/Users/Owner/.gradle/caches/modules-2/files-2.1/net.neoforged/neoforge/26.1.2.43-beta/6b8b2150f4db76b1ac1890aba0033359fd84abba/neoforge-26.1.2.43-beta-universal.jar))))
 - net.neoforged.fml.generated (empty(VirtualJar/net.neoforged.fml.generated))
 - polluted_world (composite(folder(J:/minecraft orgenal mod with GPT/polluted_world/neoforge/build/classes/java/main), folder(J:/minecraft orgenal mod with GPT/polluted_world/neoforge/build/resources/main)))
 - terrablender (jar(J:/minecraft orgenal mod with GPT/polluted_world/neoforge/libs/TerraBlender-neoforge-26.1.2-26.1.2.0.2.jar))
[206月2026 14:56:29.248] [main/INFO] [net.neoforged.fml.loading.FMLLoader/]: Built game content classloader in 10ms
[206月2026 14:56:29.276] [main/WARN] [mixin/]: Reference map 'terrablender.refmap.json' for terrablender.neoforge.mixins.json could not be read. If this is a development environment you can ignore this message
[206月2026 14:56:29.886] [Datafixer Bootstrap/INFO] [com.mojang.datafixers.DataFixerBuilder/]: 294 Datafixer optimizations took 158 milliseconds
[206月2026 14:56:29.948] [pool-9-thread-1/INFO] [MixinExtras|Service/]: Initializing MixinExtras via com.llamalad7.mixinextras.service.MixinExtrasServiceImpl(version=0.5.4).
[206月2026 14:56:32.271] [main/WARN] [net.minecraft.commands.Commands/]: Ambiguity between arguments [teleport, location] and [teleport, destination] with inputs: [0.1 -0.5 .9, 0 0 0]
[206月2026 14:56:32.272] [main/WARN] [net.minecraft.commands.Commands/]: Ambiguity between arguments [teleport, location] and [teleport, targets] with inputs: [0.1 -0.5 .9, 0 0 0]
[206月2026 14:56:32.273] [main/WARN] [net.minecraft.commands.Commands/]: Ambiguity between arguments [teleport, destination] and [teleport, targets] with inputs: [Player, 0123, @e, dd12be42-52a9-4a91-a8a1-11c01849e498]
[206月2026 14:56:32.273] [main/WARN] [net.minecraft.commands.Commands/]: Ambiguity between arguments [teleport, targets] and [teleport, destination] with inputs: [Player, 0123, dd12be42-52a9-4a91-a8a1-11c01849e498]
[206月2026 14:56:32.274] [main/WARN] [net.minecraft.commands.Commands/]: Ambiguity between arguments [teleport, targets, location] and [teleport, targets, destination] with inputs: [0.1 -0.5 .9, 0 0 0]
[206月2026 14:56:32.274] [main/WARN] [net.minecraft.commands.Commands/]: Ambiguity between arguments [time, set, time] and [time, set, timemarker] with inputs: [0, 0s, 0d, 0t]
[206月2026 14:56:32.275] [main/WARN] [net.minecraft.commands.Commands/]: Ambiguity between arguments [time, set, timemarker] and [time, set, time] with inputs: [012]
[206月2026 14:56:32.275] [main/WARN] [net.minecraft.commands.Commands/]: Ambiguity between arguments [time, of, clock, set, time] and [time, of, clock, set, timemarker] with inputs: [0, 0s, 0d, 0t]
[206月2026 14:56:32.276] [main/WARN] [net.minecraft.commands.Commands/]: Ambiguity between arguments [time, of, clock, set, timemarker] and [time, of, clock, set, time] with inputs: [012]
[206月2026 14:56:32.276] [main/WARN] [net.minecraft.commands.Commands/]: Ambiguity between arguments [waypoint, modify, waypoint, color, reset] and [waypoint, modify, waypoint, color, color] with inputs: [reset]
[206月2026 14:56:32.307] [modloading-worker-0/INFO] [net.neoforged.neoforge.common.NeoForgeMod/NEOFORGE-MOD]: NeoForge mod loading, version 26.1.2.43-beta, for MC 26.1.2
[206月2026 14:56:32.313] [modloading-worker-0/INFO] [terrablender/]: Registered region minecraft:overworld to index 0 for type OVERWORLD
[206月2026 14:56:32.313] [modloading-worker-0/INFO] [terrablender/]: Registered region minecraft:nether to index 0 for type NETHER
[206月2026 14:56:32.313] [modloading-worker-0/INFO] [terrablender/]: Registered region polluted_world:polluted_region to index 1 for type OVERWORLD
[206月2026 14:56:32.566] [Render thread/INFO] [com.mojang.authlib.yggdrasil.YggdrasilAuthenticationService/]: Environment: Environment[sessionHost=https://sessionserver.mojang.com, servicesHost=https://api.minecraftservices.com, profilesHost=https://api.mojang.com, name=PROD]
[206月2026 14:56:32.575] [Render thread/INFO] [net.minecraft.client.Minecraft/]: Setting user: Dev
[206月2026 14:56:32.618] [Render thread/INFO] [net.minecraft.client.Minecraft/]: Backend library: LWJGL version 3.4.1+2
[206月2026 14:56:32.704] [Render thread/INFO] [net.minecraft.client.Minecraft/]: Using optional rendering extensions: GL_ARB_buffer_storage, GL_KHR_debug, GL_ARB_vertex_attrib_binding, GL_ARB_direct_state_access, GL_EXT_texture_filter_anisotropic
[206月2026 14:56:33.096] [Render thread/INFO] [net.minecraft.server.packs.resources.ReloadableResourceManager/]: Reloading ResourceManager: vanilla, mod_resources, mod/terrablender, mod/polluted_world, mod/neoforge
[206月2026 14:56:33.130] [resourceLoad/INFO] [net.minecraft.client.gui.font.providers.UnihexProvider/]: Found unifont_all_no_pua-17.0.01.hex, loading
[206月2026 14:56:33.130] [resourceLoad/INFO] [net.minecraft.client.gui.font.providers.UnihexProvider/]: Found unifont_pua-17.0.01.hex, loading
[206月2026 14:56:33.215] [resourceLoad/INFO] [net.minecraft.client.gui.font.providers.UnihexProvider/]: Found unifont_jp_patch-17.0.01.hex, loading
[206月2026 14:56:33.653] [Render thread/WARN] [com.mojang.blaze3d.opengl.GlProgram/]: neoforge:pipeline/item_cutout_unlit shader program does not use sampler Sampler2 defined in the pipeline. This might be a bug.
[206月2026 14:56:33.658] [Render thread/WARN] [com.mojang.blaze3d.opengl.GlProgram/]: neoforge:pipeline/item_translucent_unlit shader program does not use sampler Sampler2 defined in the pipeline. This might be a bug.
[206月2026 14:56:33.692] [Render thread/INFO] [com.mojang.blaze3d.audio.Library/]: OpenAL initialized on device OpenAL Soft on スピーカー (USB PnP Audio Device)
[206月2026 14:56:33.693] [Render thread/INFO] [net.minecraft.client.sounds.SoundEngine/SOUNDS]: Sound engine started
[206月2026 14:56:33.693] [Render thread/INFO] [net.minecraft.client.renderer.texture.TextureAtlas/]: Created: 512x256x0 minecraft:textures/atlas/particles.png-atlas
[206月2026 14:56:33.703] [Render thread/INFO] [net.minecraft.client.renderer.texture.TextureAtlas/]: Created: 128x128x0 minecraft:textures/atlas/decorated_pot.png-atlas
[206月2026 14:56:33.704] [Render thread/INFO] [net.minecraft.client.renderer.texture.TextureAtlas/]: Created: 2048x1024x0 minecraft:textures/atlas/armor_trims.png-atlas
[206月2026 14:56:33.713] [Render thread/INFO] [net.minecraft.client.renderer.texture.TextureAtlas/]: Created: 512x256x0 minecraft:textures/atlas/paintings.png-atlas
[206月2026 14:56:33.738] [Render thread/INFO] [net.minecraft.client.renderer.texture.TextureAtlas/]: Created: 1024x512x0 minecraft:textures/atlas/shield_patterns.png-atlas
[206月2026 14:56:33.739] [Render thread/INFO] [net.minecraft.client.renderer.texture.TextureAtlas/]: Created: 2048x2048x4 minecraft:textures/atlas/blocks.png-atlas
[206月2026 14:56:33.781] [Render thread/INFO] [net.minecraft.client.renderer.texture.TextureAtlas/]: Created: 512x512x0 minecraft:textures/atlas/chest.png-atlas
[206月2026 14:56:33.800] [Render thread/INFO] [net.minecraft.client.renderer.texture.TextureAtlas/]: Created: 256x128x0 minecraft:textures/atlas/celestials.png-atlas
[206月2026 14:56:33.800] [Render thread/INFO] [net.minecraft.client.renderer.texture.TextureAtlas/]: Created: 1024x512x0 minecraft:textures/atlas/banner_patterns.png-atlas
[206月2026 14:56:33.801] [Render thread/INFO] [net.minecraft.client.renderer.texture.TextureAtlas/]: Created: 512x512x0 minecraft:textures/atlas/beds.png-atlas
[206月2026 14:56:33.804] [Render thread/INFO] [net.minecraft.client.renderer.texture.TextureAtlas/]: Created: 1024x512x0 minecraft:textures/atlas/items.png-atlas
[206月2026 14:56:33.811] [Render thread/INFO] [net.minecraft.client.renderer.texture.TextureAtlas/]: Created: 1024x1024x0 minecraft:textures/atlas/gui.png-atlas
[206月2026 14:56:33.830] [Render thread/INFO] [net.minecraft.client.renderer.texture.TextureAtlas/]: Created: 128x64x0 minecraft:textures/atlas/map_decorations.png-atlas
[206月2026 14:56:33.844] [Render thread/INFO] [net.minecraft.client.renderer.texture.TextureAtlas/]: Created: 512x256x0 minecraft:textures/atlas/signs.png-atlas
[206月2026 14:56:33.846] [Render thread/INFO] [net.minecraft.client.renderer.texture.TextureAtlas/]: Created: 512x512x0 minecraft:textures/atlas/shulker_boxes.png-atlas
[206月2026 14:56:33.899] [Render thread/INFO] [net.neoforged.neoforge.client.entity.animation.json.AnimationLoader/]: Loaded 0 entity animations
[206月2026 14:56:41.893] [Worker-Main-15/ERROR] [net.minecraft.server.packs.resources.SimpleJsonResourceReloadListener/]: Couldn't parse data file 'polluted_world:corpse/maintenance' from 'polluted_world:loot_table/corpse/maintenance.json': DataResult.Error['Not a JSON object: null']
[206月2026 14:56:42.056] [Render thread/INFO] [net.minecraft.world.item.crafting.RecipeManager/]: Loaded 1520 recipes
[206月2026 14:56:42.061] [Render thread/INFO] [net.minecraft.advancements.AdvancementTree/]: Loaded 1617 advancements
[206月2026 14:56:42.063] [Render thread/INFO] [net.neoforged.neoforge.common.crafting.RecipePriorityManager/]: Loaded 0 recipe priority overrides
[206月2026 14:56:42.161] [Server thread/INFO] [net.minecraft.client.server.IntegratedServer/]: Starting integrated minecraft server version 26.1.2
[206月2026 14:56:42.162] [Server thread/INFO] [net.minecraft.server.MinecraftServer/]: Generating keypair
[206月2026 14:56:42.266] [Server thread/INFO] [terrablender/]: Initialized TerraBlender biomes for level stem minecraft:overworld
[206月2026 14:56:42.266] [Server thread/INFO] [terrablender/]: Initialized TerraBlender biomes for level stem minecraft:the_nether
[206月2026 14:56:42.386] [Server thread/INFO] [net.minecraft.server.level.progress.LoggingLevelLoadListener/]: Loading 0 persistent chunks...
[206月2026 14:56:42.398] [Server thread/INFO] [net.minecraft.server.MinecraftServer/]: Saving chunks for level 'ServerLevel[新規ワールド]'/minecraft:overworld
[206月2026 14:56:42.470] [Server thread/INFO] [net.minecraft.server.MinecraftServer/]: Saving chunks for level 'ServerLevel[新規ワールド]'/minecraft:the_nether
[206月2026 14:56:42.515] [Server thread/INFO] [net.minecraft.server.MinecraftServer/]: Saving chunks for level 'ServerLevel[新規ワールド]'/minecraft:the_end
[206月2026 14:56:42.624] [Server thread/INFO] [net.minecraft.server.MinecraftServer/]: ThreadedAnvilChunkStorage (world): All chunks are saved
[206月2026 14:56:42.624] [Server thread/INFO] [net.minecraft.server.MinecraftServer/]: ThreadedAnvilChunkStorage (DIM-1): All chunks are saved
[206月2026 14:56:42.624] [Server thread/INFO] [net.minecraft.server.MinecraftServer/]: ThreadedAnvilChunkStorage (DIM1): All chunks are saved
[206月2026 14:56:42.624] [Server thread/INFO] [net.minecraft.server.MinecraftServer/]: ThreadedAnvilChunkStorage: All dimensions are saved
[206月2026 14:56:42.626] [Server thread/INFO] [net.neoforged.neoforge.server.permission.PermissionAPI/]: Successfully initialized permission handler neoforge:default_handler
[206月2026 14:56:42.891] [Server thread/INFO] [net.minecraft.server.level.progress.LoggingLevelLoadListener/]: Loading 49 chunks for player spawn...
[206月2026 14:56:42.891] [Server thread/INFO] [net.minecraft.server.level.progress.LoggingLevelLoadListener/]: スポーン地点を準備中：16%
[206月2026 14:56:42.929] [Server thread/INFO] [net.minecraft.server.level.progress.LoggingLevelLoadListener/]: スポーン地点を準備中：16%
[206月2026 14:56:43.055] [Server thread/INFO] [net.minecraft.server.level.progress.LoggingLevelLoadListener/]: Time elapsed: 669 ms
[206月2026 14:56:43.230] [Server thread/INFO] [net.minecraft.server.players.PlayerList/]: Dev[local:E:97995ef0] logged in with entity id 25 at (4.311810640771712, 38.5, -32.06753210561735)
[206月2026 14:56:43.246] [Server thread/INFO] [net.minecraft.server.MinecraftServer/]: Devがゲームに参加しました
[206月2026 14:56:43.310] [Render thread/WARN] [net.minecraft.client.multiplayer.ClientPacketListener/]: Ignoring chat session from Dev due to missing Services public key
[206月2026 14:56:43.314] [Render thread/INFO] [net.minecraft.advancements.AdvancementTree/]: Loaded 112 advancements
[206月2026 14:56:43.318] [Server thread/INFO] [net.minecraft.client.server.IntegratedServer/]: Changing view distance to 16, from 10
[206月2026 14:56:43.320] [Server thread/INFO] [net.minecraft.client.server.IntegratedServer/]: Changing simulation distance to 12, from 0
[206月2026 14:56:43.334] [Render thread/INFO] [net.minecraft.client.renderer.DynamicUniformStorage/]: Resizing Dynamic Transforms UBO, capacity limit of 2 reached during a single frame. New capacity will be 4.
[206月2026 14:56:43.350] [Render thread/INFO] [net.minecraft.client.renderer.DynamicUniformStorage/]: Resizing Dynamic Transforms UBO, capacity limit of 4 reached during a single frame. New capacity will be 8.
[206月2026 14:56:43.453] [Render thread/INFO] [net.minecraft.client.renderer.DynamicUniformStorage/]: Resizing Chunk Sections UBO, capacity limit of 2 reached during a single frame. New capacity will be 4.
[206月2026 14:56:43.489] [Render thread/INFO] [net.minecraft.client.renderer.DynamicUniformStorage/]: Resizing Chunk Sections UBO, capacity limit of 4 reached during a single frame. New capacity will be 16.
[206月2026 14:56:43.528] [Render thread/INFO] [net.minecraft.client.renderer.DynamicUniformStorage/]: Resizing Chunk Sections UBO, capacity limit of 16 reached during a single frame. New capacity will be 32.
[206月2026 14:56:43.565] [Render thread/INFO] [net.minecraft.client.renderer.DynamicUniformStorage/]: Resizing Chunk Sections UBO, capacity limit of 32 reached during a single frame. New capacity will be 64.
[206月2026 14:56:43.837] [Render thread/INFO] [net.minecraft.client.renderer.DynamicUniformStorage/]: Resizing Chunk Sections UBO, capacity limit of 64 reached during a single frame. New capacity will be 128.
[206月2026 14:56:45.815] [Render thread/INFO] [net.minecraft.client.renderer.DynamicUniformStorage/]: Resizing Chunk Sections UBO, capacity limit of 128 reached during a single frame. New capacity will be 256.
[206月2026 14:56:46.149] [Render thread/INFO] [net.minecraft.client.renderer.DynamicUniformStorage/]: Resizing Chunk Sections UBO, capacity limit of 256 reached during a single frame. New capacity will be 512.
[206月2026 14:56:56.728] [Server thread/INFO] [net.minecraft.client.server.IntegratedServer/]: Saving and pausing game...
[206月2026 14:56:56.757] [Server thread/INFO] [net.minecraft.server.MinecraftServer/]: Saving chunks for level 'ServerLevel[新規ワールド]'/minecraft:overworld
[206月2026 14:56:56.769] [Server thread/INFO] [net.minecraft.server.MinecraftServer/]: Saving chunks for level 'ServerLevel[新規ワールド]'/minecraft:the_nether
[206月2026 14:56:56.770] [Server thread/INFO] [net.minecraft.server.MinecraftServer/]: Saving chunks for level 'ServerLevel[新規ワールド]'/minecraft:the_end
[206月2026 14:57:00.827] [Render thread/INFO] [net.minecraft.client.server.IntegratedServer/]: Started serving on 50150
[206月2026 14:57:00.831] [LanServerPinger #1/WARN] [net.minecraft.client.server.LanServerPinger/]: LanServerPinger: Network is unreachable: sendto
[206月2026 14:57:00.838] [Render thread/INFO] [net.minecraft.client.gui.components.ChatComponent/]: [System] [CHAT] ポート[50150]でローカルゲームをホストしました
[206月2026 14:57:04.887] [Server thread/INFO] [net.minecraft.server.MinecraftServer/]: ［Dev：ゲームモードをクリエイティブモードに変更しました］
[206月2026 14:57:04.898] [Render thread/INFO] [net.minecraft.client.gui.components.ChatComponent/]: [System] [CHAT] ゲームモードをクリエイティブモードに変更しました
[206月2026 14:57:06.755] [Render thread/INFO] [net.minecraft.client.renderer.DynamicUniformStorage/]: Resizing Dynamic Transforms UBO, capacity limit of 8 reached during a single frame. New capacity will be 16.
[206月2026 14:57:12.299] [Server thread/INFO] [net.minecraft.server.MinecraftServer/]: ［Dev：ゲームモードをサバイバルモードに変更しました］
[206月2026 14:57:12.299] [Render thread/INFO] [net.minecraft.client.gui.components.ChatComponent/]: [System] [CHAT] ゲームモードをサバイバルモードに変更しました
[206月2026 14:57:30.382] [Render thread/INFO] [net.minecraft.advancements.AdvancementTree/]: Loaded 112 advancements
[206月2026 14:58:22.228] [Server thread/INFO] [net.minecraft.server.MinecraftServer/]: Stopping server
[206月2026 14:58:22.230] [Server thread/INFO] [net.minecraft.server.MinecraftServer/]: Saving players
[206月2026 14:58:22.257] [Server thread/INFO] [net.minecraft.server.network.ServerGamePacketListenerImpl/]: Dev lost connection: 切断されました
[206月2026 14:58:22.257] [Server thread/INFO] [net.minecraft.server.MinecraftServer/]: Devがゲームを退出しました
[206月2026 14:58:22.281] [Server thread/INFO] [net.minecraft.server.network.ServerCommonPacketListenerImpl/]: Stopping singleplayer server as player logged out
[206月2026 14:58:22.282] [Server thread/INFO] [net.minecraft.server.MinecraftServer/]: Saving worlds
[206月2026 14:58:22.350] [Server thread/INFO] [net.minecraft.server.MinecraftServer/]: Saving chunks for level 'ServerLevel[新規ワールド]'/minecraft:overworld
[206月2026 14:58:22.904] [Server thread/INFO] [net.minecraft.server.MinecraftServer/]: Saving chunks for level 'ServerLevel[新規ワールド]'/minecraft:the_nether
[206月2026 14:58:22.953] [Server thread/INFO] [net.minecraft.server.MinecraftServer/]: Saving chunks for level 'ServerLevel[新規ワールド]'/minecraft:the_end
[206月2026 14:58:23.104] [Server thread/INFO] [net.minecraft.server.MinecraftServer/]: ThreadedAnvilChunkStorage (world): All chunks are saved
[206月2026 14:58:23.105] [Server thread/INFO] [net.minecraft.server.MinecraftServer/]: ThreadedAnvilChunkStorage (DIM-1): All chunks are saved
[206月2026 14:58:23.105] [Server thread/INFO] [net.minecraft.server.MinecraftServer/]: ThreadedAnvilChunkStorage (DIM1): All chunks are saved
[206月2026 14:58:23.105] [Server thread/INFO] [net.minecraft.server.MinecraftServer/]: ThreadedAnvilChunkStorage: All dimensions are saved
[206月2026 14:58:28.995] [Render thread/INFO] [net.minecraft.client.Minecraft/]: Stopping!
